// Jest Snapshot v1, https://goo.gl/fbAQLP

exports[`components/<Cards /> should render component with data 1`] = `
<div
  className="cards-containter"
>
  <div
    style={
      Object {
        "width": 660,
      }
    }
  >
    <CardItem
      description="description-1"
      image="image-1"
      link="link-1"
      title="title-1"
    />
    <CardItem
      description="description-2"
      image="image-2"
      link="link-2"
      title="title-2"
    />
    <CardItem
      description="description-3"
      image="image-3"
      link="link-3"
      title="title-3"
    />
  </div>
</div>
`;

exports[`components/<Cards /> should render component with no data 1`] = `
<span
  className="red-text"
>
  Oops, something went wrong... :(
</span>
`;
