// Jest Snapshot v1, https://goo.gl/fbAQLP

exports[`components/<QuickReplies /> should render component with data 1`] = `
<div
  className="quick-replies-container"
>
  <p />
  <QuickReplyItem
    disabled={false}
    onClick={[Function]}
    text="test-link"
    type="link"
    value="value-link"
  />
  <QuickReplyItem
    disabled={false}
    onClick={[Function]}
    text="test-text"
    type="text"
    value="value-text"
  />
  <QuickReplyItem
    disabled={false}
    onClick={[Function]}
    text="test-trigger"
    type="trigger"
    value="value-trigger"
  />
</div>
`;

exports[`components/<QuickReplies /> should render component with no data 1`] = `
<span
  className="red-text"
>
  Oops, something went wrong... :(
</span>
`;
