// Jest Snapshot v1, https://goo.gl/fbAQLP

exports[`components/<QuickReplies /> should render component with data 1`] = `
<div
  className="quick-replies-container"
>
  <p />
  <QuickReplyItem
    disabled={false}
    onClick={[Function]}
  />
  <QuickReplyItem
    disabled={false}
    onClick={[Function]}
  />
  <QuickReplyItem
    disabled={false}
    onClick={[Function]}
  />
</div>
`;

exports[`components/<QuickReplies /> should render component with no data 1`] = `
<span
  className="red-text"
>
  Oops, something went wrong... :(
</span>
`;
